SQL> set feedback on
SQL> set linesize 300
SQL> set pagesize 100
SQL> 
SQL> 
SQL> DROP TABLE ORDER_DETAIL PURGE;

Error starting at line : 9 in command -
DROP TABLE ORDER_DETAIL PURGE
Error report -
ORA-00942: table or view does not exist
00942. 00000 -  "table or view does not exist"
*Cause:    
*Action:
SQL> DROP TABLE ORDERS PURGE;

Error starting at line : 10 in command -
DROP TABLE ORDERS PURGE
Error report -
ORA-00942: table or view does not exist
00942. 00000 -  "table or view does not exist"
*Cause:    
*Action:
SQL> DROP TABLE PRODUCT PURGE;

Table PRODUCT dropped.

SQL> DROP TABLE SUPPLIER PURGE;

Table SUPPLIER dropped.

SQL> DROP TABLE CATEGORY PURGE;

Table CATEGORY dropped.

SQL> DROP TABLE CUSTOMER PURGE;

Error starting at line : 14 in command -
DROP TABLE CUSTOMER PURGE
Error report -
ORA-00942: table or view does not exist
00942. 00000 -  "table or view does not exist"
*Cause:    
*Action:
SQL> DROP TABLE EMPLOYEE PURGE;

Error starting at line : 15 in command -
DROP TABLE EMPLOYEE PURGE
Error report -
ORA-00942: table or view does not exist
00942. 00000 -  "table or view does not exist"
*Cause:    
*Action:
SQL> DROP TABLE SHIPPER PURGE;

Error starting at line : 16 in command -
DROP TABLE SHIPPER PURGE
Error report -
ORA-00942: table or view does not exist
00942. 00000 -  "table or view does not exist"
*Cause:    
*Action:
SQL> DROP TABLE COUNTRY_ORDERS PURGE;

Error starting at line : 17 in command -
DROP TABLE COUNTRY_ORDERS PURGE
Error report -
ORA-00942: table or view does not exist
00942. 00000 -  "table or view does not exist"
*Cause:    
*Action:
SQL> 
SQL> spool off
